<?xml version="1.0" encoding="UTF-8"?>
<testsuites name="Mocha Tests" time="0.0660" tests="6" failures="3">
  <testsuite name="Root Suite" timestamp="2022-07-13T15:04:10" tests="0" time="0.0000" failures="0">
  </testsuite>
  <testsuite name="getDaysToNewYear" timestamp="2022-07-13T15:04:10" tests="6" file="C:\Users\beros\Desktop\Types\types\test\index.ts" time="0.0660" failures="3">
    <testcase name="getDaysToNewYear should return 1 for given input &quot;31.12.2021&quot;" time="0.0470" classname="should return 1 for given input &quot;31.12.2021&quot;">
    </testcase>
    <testcase name="getDaysToNewYear should return 71 for given input &quot;22.10.2021&quot;" time="0.0000" classname="should return 71 for given input &quot;22.10.2021&quot;">
    </testcase>
    <testcase name="getDaysToNewYear should return 608 for given input &quot;03.05.2020&quot;" time="0.0010" classname="should return 608 for given input &quot;03.05.2020&quot;">
    </testcase>
    <testcase name="getDaysToNewYear should return 1 for given input new Date(&quot;12-31-2021&quot;)" time="0.0160" classname="should return 1 for given input new Date(&quot;12-31-2021&quot;)">
      <failure message="Expected values to be strictly equal:

32 !== 1
" type="AssertionError"><![CDATA[AssertionError [ERR_ASSERTION]: Expected values to be strictly equal:

32 !== 1

    at Context.<anonymous> (test\index.ts:16:16)
    at processImmediate (node:internal/timers:466:21)]]></failure>
    </testcase>
    <testcase name="getDaysToNewYear should return 200 for given input new Date(2021, 5, 15)" time="0.0010" classname="should return 200 for given input new Date(2021, 5, 15)">
      <failure message="Expected values to be strictly equal:

231 !== 200
" type="AssertionError"><![CDATA[AssertionError [ERR_ASSERTION]: Expected values to be strictly equal:

231 !== 200

    at Context.<anonymous> (test\index.ts:19:16)
    at processImmediate (node:internal/timers:466:21)]]></failure>
    </testcase>
    <testcase name="getDaysToNewYear should return 3586 for given input new Date(2012, 2, 8)" time="0.0010" classname="should return 3586 for given input new Date(2012, 2, 8)">
      <failure message="Expected values to be strictly equal:

3617 !== 3586
" type="AssertionError"><![CDATA[AssertionError [ERR_ASSERTION]: Expected values to be strictly equal:

3617 !== 3586

    at Context.<anonymous> (test\index.ts:22:16)
    at processImmediate (node:internal/timers:466:21)]]></failure>
    </testcase>
  </testsuite>
</testsuites>